2025-04-04 08:56:00 | INFO | repo=pv243-a4m36jee-2016-cdi-seminar | action=commit
2025-07-16 10:45:00 | WARN | repo=pv243-a4m36jee-2016-cdi-seminar | action=commit
2025-07-26 08:08:00 | DEBUG | repo=pv243-a4m36jee-2016-cdi-seminar | action=edit | files=1
2025-09-21 07:09:00 | DEBUG | repo=pv243-a4m36jee-2016-cdi-seminar | action=commit
2025-03-26 18:36:00 | WARN | repo=pv243-a4m36jee-2016-cdi-seminar | action=commit
2025-01-23 16:49:00 | DEBUG | repo=pv243-a4m36jee-2016-cdi-seminar | action=edit | files=3
2025-03-24 08:47:00 | DEBUG | repo=pv243-a4m36jee-2016-cdi-seminar | action=pull
2025-03-12 21:28:00 | DEBUG | repo=pv243-a4m36jee-2016-cdi-seminar | action=pull
2025-04-20 20:22:00 | WARN | repo=pv243-a4m36jee-2016-cdi-seminar | action=edit | files=5
2025-01-02 21:46:00 | DEBUG | repo=pv243-a4m36jee-2016-cdi-seminar | action=commit
2025-04-12 19:34:00 | INFO | repo=pv243-a4m36jee-2016-cdi-seminar | action=commit
2025-04-05 15:51:00 | WARN | repo=pv243-a4m36jee-2016-cdi-seminar | action=commit
2025-03-14 20:52:00 | DEBUG | repo=pv243-a4m36jee-2016-cdi-seminar | action=pull
2025-08-02 21:40:00 | DEBUG | repo=pv243-a4m36jee-2016-cdi-seminar | action=commit
2025-06-27 13:15:00 | WARN | repo=pv243-a4m36jee-2016-cdi-seminar | action=commit
2025-04-23 16:57:00 | DEBUG | repo=pv243-a4m36jee-2016-cdi-seminar | action=pull
2025-01-21 21:44:00 | WARN | repo=pv243-a4m36jee-2016-cdi-seminar | action=commit
2025-09-20 20:13:00 | INFO | repo=pv243-a4m36jee-2016-cdi-seminar | action=edit | files=1
2025-04-14 18:20:00 | WARN | repo=pv243-a4m36jee-2016-cdi-seminar | action=commit
2025-03-17 07:12:00 | INFO | repo=pv243-a4m36jee-2016-cdi-seminar | action=pull
2025-03-09 07:12:00 | INFO | repo=pv243-a4m36jee-2016-cdi-seminar | action=commit
